// Jest Snapshot v1, https://goo.gl/fbAQLP

exports[`renders ListItem should match Snapshot 1`] = `
<div>
  <div
    class="c-list__item"
  >
    <h3
      class="c-card__title"
    >
      title
    </h3>
    <h4
      class="c-card__author"
    >
      author
    </h4>
    <p
      class="c-card__summary"
    >
      salkfnalns aslfkn
    </p>
  </div>
</div>
`;
